// Jest Snapshot v1, https://goo.gl/fbAQLP

exports[`<Flips /> renders correctly with passed props 1`] = `
<styled.div>
  <styled.div>
    <styled.span>
      Total Flips:
    </styled.span>
    <styled.span>
      40
    </styled.span>
  </styled.div>
  <styled.div>
    <styled.span>
      Matched Flips:
    </styled.span>
    <styled.span>
      8
    </styled.span>
  </styled.div>
  <styled.div>
    <styled.span>
      Wrong Flips:
    </styled.span>
    <styled.span>
      12
    </styled.span>
  </styled.div>
</styled.div>
`;

exports[`<Flips /> renders correctly without props - uses default values 1`] = `
<styled.div>
  <styled.div>
    <styled.span>
      Total Flips:
    </styled.span>
    <styled.span>
      0
    </styled.span>
  </styled.div>
  <styled.div>
    <styled.span>
      Matched Flips:
    </styled.span>
    <styled.span>
      0
    </styled.span>
  </styled.div>
  <styled.div>
    <styled.span>
      Wrong Flips:
    </styled.span>
    <styled.span>
      0
    </styled.span>
  </styled.div>
</styled.div>
`;
